// Jest Snapshot v1, https://goo.gl/fbAQLP

exports[`AppScreen should match snapshot 1`] = `
<RNCSafeAreaView
  edges={
    {
      "bottom": "additive",
      "left": "additive",
      "right": "additive",
      "top": "additive",
    }
  }
  style={
    {
      "flex": 1,
      "gap": 16,
      "marginTop": 64,
      "paddingHorizontal": 16,
    }
  }
>
  <View
    style={
      {
        "gap": 8,
      }
    }
  >
    <TextInput
      onBlur={[Function]}
      onFocus={[Function]}
      placeholder="Enter username"
      selectionColor="#1f2329"
      style={
        [
          {
            "borderRadius": 6,
            "height": 40,
            "padding": 12,
          },
          {
            "backgroundColor": "#f6f8fa",
            "borderColor": "#d0d7de",
            "borderWidth": 1,
          },
        ]
      }
    />
  </View>
  <View
    accessibilityValue={
      {
        "max": undefined,
        "min": undefined,
        "now": undefined,
        "text": undefined,
      }
    }
    accessible={true}
    focusable={false}
    onClick={[Function]}
    onResponderGrant={[Function]}
    onResponderMove={[Function]}
    onResponderRelease={[Function]}
    onResponderTerminate={[Function]}
    onResponderTerminationRequest={[Function]}
    onStartShouldSetResponder={[Function]}
    style={
      {
        "alignItems": "center",
        "backgroundColor": "#1e883e",
        "borderRadius": 6,
        "justifyContent": "center",
        "padding": 12,
      }
    }
  >
    <Text
      style={
        {
          "color": "#ffffff",
          "fontWeight": "bold",
        }
      }
    >
      Search
    </Text>
  </View>
  <View
    style={
      {
        "alignItems": "baseline",
        "width": "80%",
      }
    }
    testID="app-screen-result-label"
  >
    <View
      style={
        {
          "borderBottomColor": "#fd8c73",
          "borderBottomWidth": 2,
          "paddingBottom": 8,
        }
      }
    >
      <Text
        numberOfLines={1}
        style={
          {
            "fontWeight": "bold",
          }
        }
      />
    </View>
  </View>
  <RCTScrollView
    contentContainerStyle={
      {
        "gap": 8,
        "paddingBottom": 64,
      }
    }
    getItem={[Function]}
    getItemCount={[Function]}
    keyExtractor={[Function]}
    onContentSizeChange={[Function]}
    onLayout={[Function]}
    onMomentumScrollBegin={[Function]}
    onMomentumScrollEnd={[Function]}
    onScroll={[Function]}
    onScrollBeginDrag={[Function]}
    onScrollEndDrag={[Function]}
    removeClippedSubviews={false}
    renderItem={[Function]}
    scrollEventThrottle={0.0001}
    showsVerticalScrollIndicator={false}
    stickyHeaderIndices={[]}
    testID="app-screen-users-list"
    viewabilityConfigCallbackPairs={[]}
  >
    <View />
  </RCTScrollView>
</RNCSafeAreaView>
`;
