// Jest Snapshot v1, https://goo.gl/fbAQLP

exports[`UsersListItem should match snapshot 1`] = `
<View
  style={
    {
      "borderColor": "#d0d7de",
      "borderRadius": 6,
      "borderWidth": 1,
    }
  }
>
  <View
    accessibilityState={
      {
        "busy": undefined,
        "checked": undefined,
        "disabled": undefined,
        "expanded": undefined,
        "selected": undefined,
      }
    }
    accessibilityValue={
      {
        "max": undefined,
        "min": undefined,
        "now": undefined,
        "text": undefined,
      }
    }
    accessible={true}
    collapsable={false}
    focusable={true}
    onBlur={[Function]}
    onClick={[Function]}
    onFocus={[Function]}
    onResponderGrant={[Function]}
    onResponderMove={[Function]}
    onResponderRelease={[Function]}
    onResponderTerminate={[Function]}
    onResponderTerminationRequest={[Function]}
    onStartShouldSetResponder={[Function]}
    style={
      [
        {
          "alignItems": "center",
          "backgroundColor": "#f6f8fa",
          "flexDirection": "row",
          "justifyContent": "space-between",
          "padding": 12,
        },
        {
          "borderRadius": 6,
        },
      ]
    }
  >
    <Text />
    <Image
      source={1}
      style={
        [
          {
            "height": 10,
            "width": 10,
          },
          false,
        ]
      }
    />
  </View>
</View>
`;
